
> glassforge-resume@0.1.0 build
> next build

▲ Next.js 16.2.3 (Turbopack)

  Creating an optimized production build ...

> Build error occurred
Error: Turbopack build failed with 2 errors:
./src/components/builder/templates/ClassicProTemplate.tsx:4:1
Export Linkedin doesn't exist in target module
  [90m2 |[0m ...
  [90m3 |[0m ...[36mrt[0m { useResumeStore } [36mfrom[0m [32m"@/store/useResumeStore"[0m;
[31m[1m>[0m [90m4 |[0m ...[36mrt[0m { [33mMail[0m, [33mPhone[0m, [33mMapPin[0m, [33mGlobe[0m, [33mLinkedin[0m, [33mGithub[0m } [36mfrom[0m [32m"lucide-rea...[0m
  [90m  |[0m    [31m[1m^^^^^^^^^^^^^^^^^^^^^^^^^^^^^^^^^^^^^^^^^^^^^^^^^^^^^^^^^^^^^^^^^^^^^^^[0m
  [90m5 |[0m ...
  [90m6 |[0m ...[36mrt[0m [36mfunction[0m [33mClassicProTemplate[0m() {
  [90m7 |[0m ...[36mnst[0m { data } = useResumeStore();

The export Linkedin was not found in module [project]/node_modules/lucide-react/dist/esm/lucide-react.js [app-client] (ecmascript).
Did you mean to import Link?
All exports of the module are statically known (It doesn't have dynamic exports). So it's known statically that the requested export doesn't exist.

Import traces:
  Client Component Browser:
    ./src/components/builder/templates/ClassicProTemplate.tsx [Client Component Browser]
    ./src/components/builder/preview/LivePreview.tsx [Client Component Browser]
    ./src/app/builder/page.tsx [Client Component Browser]
    ./src/app/builder/page.tsx [Server Component]

  Client Component SSR:
    ./src/components/builder/templates/ClassicProTemplate.tsx [Client Component SSR]
    ./src/components/builder/preview/LivePreview.tsx [Client Component SSR]
    ./src/app/builder/page.tsx [Client Component SSR]
    ./src/app/builder/page.tsx [Server Component]


./src/components/builder/templates/ClassicProTemplate.tsx:4:1
Export Linkedin doesn't exist in target module
  [90m2 |[0m ...
  [90m3 |[0m ...[36mrt[0m { useResumeStore } [36mfrom[0m [32m"@/store/useResumeStore"[0m;
[31m[1m>[0m [90m4 |[0m ...[36mrt[0m { [33mMail[0m, [33mPhone[0m, [33mMapPin[0m, [33mGlobe[0m, [33mLinkedin[0m, [33mGithub[0m } [36mfrom[0m [32m"lucide-rea...[0m
  [90m  |[0m    [31m[1m^^^^^^^^^^^^^^^^^^^^^^^^^^^^^^^^^^^^^^^^^^^^^^^^^^^^^^^^^^^^^^^^^^^^^^^[0m
  [90m5 |[0m ...
  [90m6 |[0m ...[36mrt[0m [36mfunction[0m [33mClassicProTemplate[0m() {
  [90m7 |[0m ...[36mnst[0m { data } = useResumeStore();

The export Linkedin was not found in module [project]/node_modules/lucide-react/dist/esm/lucide-react.js [app-ssr] (ecmascript).
Did you mean to import Link?
All exports of the module are statically known (It doesn't have dynamic exports). So it's known statically that the requested export doesn't exist.

Import traces:
  Client Component Browser:
    ./src/components/builder/templates/ClassicProTemplate.tsx [Client Component Browser]
    ./src/components/builder/preview/LivePreview.tsx [Client Component Browser]
    ./src/app/builder/page.tsx [Client Component Browser]
    ./src/app/builder/page.tsx [Server Component]

  Client Component SSR:
    ./src/components/builder/templates/ClassicProTemplate.tsx [Client Component SSR]
    ./src/components/builder/preview/LivePreview.tsx [Client Component SSR]
    ./src/app/builder/page.tsx [Client Component SSR]
    ./src/app/builder/page.tsx [Server Component]


    at <unknown> (./src/components/builder/templates/ClassicProTemplate.tsx:4:1)
    at <unknown> (./src/components/builder/templates/ClassicProTemplate.tsx:4:1)
